mode: set
go-usersvc-demo/cmd/grpc/main.go:22.13,24.16 2 0
go-usersvc-demo/cmd/grpc/main.go:24.16,26.3 1 0
go-usersvc-demo/cmd/grpc/main.go:29.2,30.16 2 0
go-usersvc-demo/cmd/grpc/main.go:30.16,32.3 1 0
go-usersvc-demo/cmd/grpc/main.go:33.2,38.16 4 0
go-usersvc-demo/cmd/grpc/main.go:38.16,40.3 1 0
go-usersvc-demo/cmd/grpc/main.go:41.2,72.16 14 0
go-usersvc-demo/cmd/grpc/main.go:72.16,74.3 1 0
go-usersvc-demo/cmd/grpc/main.go:76.2,77.46 2 0
go-usersvc-demo/cmd/grpc/main.go:77.46,79.3 1 0
go-usersvc-demo/cmd/grpc/main.go:82.81,84.16 2 0
go-usersvc-demo/cmd/grpc/main.go:84.16,86.3 1 0
go-usersvc-demo/cmd/grpc/main.go:87.2,87.10 1 0
go-usersvc-demo/cmd/api/main.go:17.13,19.16 2 0
go-usersvc-demo/cmd/api/main.go:19.16,21.3 1 0
go-usersvc-demo/cmd/api/main.go:24.2,25.16 2 0
go-usersvc-demo/cmd/api/main.go:25.16,27.3 1 0
go-usersvc-demo/cmd/api/main.go:28.2,33.16 4 0
go-usersvc-demo/cmd/api/main.go:33.16,35.3 1 0
go-usersvc-demo/cmd/api/main.go:36.2,67.41 17 0
go-usersvc-demo/cmd/api/main.go:67.41,69.3 1 0
go-usersvc-demo/cmd/api/main.go:72.81,74.16 2 0
go-usersvc-demo/cmd/api/main.go:74.16,76.3 1 0
go-usersvc-demo/cmd/api/main.go:77.2,77.10 1 0
go-usersvc-demo/internal/auth/jwt.go:29.78,35.2 1 1
go-usersvc-demo/internal/auth/jwt.go:37.69,39.2 1 1
go-usersvc-demo/internal/auth/jwt.go:41.70,43.2 1 1
go-usersvc-demo/internal/auth/jwt.go:45.103,59.2 4 1
go-usersvc-demo/internal/auth/jwt.go:61.64,63.98 2 1
go-usersvc-demo/internal/auth/jwt.go:63.98,64.45 1 1
go-usersvc-demo/internal/auth/jwt.go:64.45,66.4 1 0
go-usersvc-demo/internal/auth/jwt.go:67.3,67.23 1 1
go-usersvc-demo/internal/auth/jwt.go:69.2,69.16 1 1
go-usersvc-demo/internal/auth/jwt.go:69.16,71.3 1 1
go-usersvc-demo/internal/auth/jwt.go:73.2,73.18 1 1
go-usersvc-demo/internal/auth/jwt.go:73.18,75.3 1 0
go-usersvc-demo/internal/auth/jwt.go:77.2,77.20 1 1
go-usersvc-demo/internal/auth/jwt.go:80.71,82.16 2 1
go-usersvc-demo/internal/auth/jwt.go:82.16,84.3 1 1
go-usersvc-demo/internal/auth/jwt.go:85.2,85.41 1 1
go-usersvc-demo/internal/auth/jwt.go:85.41,87.3 1 0
go-usersvc-demo/internal/auth/jwt.go:88.2,88.27 1 1
go-usersvc-demo/internal/auth/jwt.go:91.72,93.16 2 1
go-usersvc-demo/internal/auth/jwt.go:93.16,95.3 1 0
go-usersvc-demo/internal/auth/jwt.go:96.2,96.42 1 1
go-usersvc-demo/internal/auth/jwt.go:96.42,98.3 1 0
go-usersvc-demo/internal/auth/jwt.go:99.2,99.27 1 1
go-usersvc-demo/cmd/server/main.go:50.13,52.16 2 0
go-usersvc-demo/cmd/server/main.go:52.16,54.3 1 0
go-usersvc-demo/cmd/server/main.go:57.2,69.16 6 0
go-usersvc-demo/cmd/server/main.go:69.16,72.3 2 0
go-usersvc-demo/cmd/server/main.go:73.2,78.16 4 0
go-usersvc-demo/cmd/server/main.go:78.16,81.3 2 0
go-usersvc-demo/cmd/server/main.go:82.2,120.20 19 0
go-usersvc-demo/cmd/server/main.go:120.20,122.84 2 0
go-usersvc-demo/cmd/server/main.go:122.84,124.4 1 0
go-usersvc-demo/cmd/server/main.go:125.3,125.13 1 0
go-usersvc-demo/cmd/server/main.go:128.2,142.20 5 0
go-usersvc-demo/cmd/server/main.go:142.20,145.17 3 0
go-usersvc-demo/cmd/server/main.go:145.17,147.4 1 0
go-usersvc-demo/cmd/server/main.go:148.3,149.47 2 0
go-usersvc-demo/cmd/server/main.go:149.47,151.4 1 0
go-usersvc-demo/cmd/server/main.go:152.3,152.13 1 0
go-usersvc-demo/cmd/server/main.go:155.2,155.20 1 0
go-usersvc-demo/cmd/server/main.go:155.20,162.58 5 0
go-usersvc-demo/cmd/server/main.go:162.58,164.4 1 0
go-usersvc-demo/cmd/server/main.go:165.3,167.13 2 0
go-usersvc-demo/cmd/server/main.go:170.2,170.33 1 0
go-usersvc-demo/cmd/server/main.go:170.33,173.3 2 0
go-usersvc-demo/cmd/server/main.go:174.2,174.40 1 0
go-usersvc-demo/cmd/server/main.go:177.81,179.16 2 0
go-usersvc-demo/cmd/server/main.go:179.16,181.3 1 0
go-usersvc-demo/cmd/server/main.go:182.2,182.10 1 0
go-usersvc-demo/internal/domain/mocks/email_service.go:20.57,22.2 1 0
go-usersvc-demo/internal/domain/mocks/email_service.go:25.96,28.19 2 0
go-usersvc-demo/internal/domain/mocks/email_service.go:28.19,29.58 1 0
go-usersvc-demo/internal/domain/mocks/email_service.go:32.2,33.76 2 0
go-usersvc-demo/internal/domain/mocks/email_service.go:33.76,35.3 1 0
go-usersvc-demo/internal/domain/mocks/email_service.go:35.8,37.3 1 0
go-usersvc-demo/internal/domain/mocks/email_service.go:39.2,39.11 1 0
go-usersvc-demo/internal/domain/mocks/email_service.go:51.141,53.2 1 0
go-usersvc-demo/internal/domain/mocks/email_service.go:55.145,56.40 1 0
go-usersvc-demo/internal/domain/mocks/email_service.go:56.40,58.3 1 0
go-usersvc-demo/internal/domain/mocks/email_service.go:59.2,59.11 1 0
go-usersvc-demo/internal/domain/mocks/email_service.go:62.101,65.2 2 0
go-usersvc-demo/internal/domain/mocks/email_service.go:67.145,70.2 2 0
go-usersvc-demo/internal/domain/mocks/email_service.go:77.18,81.19 3 0
go-usersvc-demo/internal/domain/mocks/email_service.go:81.19,81.49 1 0
go-usersvc-demo/internal/domain/mocks/email_service.go:83.2,83.13 1 0
go-usersvc-demo/internal/domain/mocks/user_cache.go:21.51,23.2 1 0
go-usersvc-demo/internal/domain/mocks/user_cache.go:26.66,29.19 2 0
go-usersvc-demo/internal/domain/mocks/user_cache.go:29.19,30.48 1 0
go-usersvc-demo/internal/domain/mocks/user_cache.go:33.2,34.67 2 0
go-usersvc-demo/internal/domain/mocks/user_cache.go:34.67,36.3 1 0
go-usersvc-demo/internal/domain/mocks/user_cache.go:36.8,38.3 1 0
go-usersvc-demo/internal/domain/mocks/user_cache.go:40.2,40.11 1 0
go-usersvc-demo/internal/domain/mocks/user_cache.go:51.94,53.2 1 0
go-usersvc-demo/internal/domain/mocks/user_cache.go:55.102,56.40 1 0
go-usersvc-demo/internal/domain/mocks/user_cache.go:56.40,58.3 1 0
go-usersvc-demo/internal/domain/mocks/user_cache.go:59.2,59.11 1 0
go-usersvc-demo/internal/domain/mocks/user_cache.go:62.75,65.2 2 0
go-usersvc-demo/internal/domain/mocks/user_cache.go:67.110,70.2 2 0
go-usersvc-demo/internal/domain/mocks/user_cache.go:73.79,76.19 2 0
go-usersvc-demo/internal/domain/mocks/user_cache.go:76.19,77.45 1 0
go-usersvc-demo/internal/domain/mocks/user_cache.go:80.2,82.83 3 0
go-usersvc-demo/internal/domain/mocks/user_cache.go:82.83,84.3 1 0
go-usersvc-demo/internal/domain/mocks/user_cache.go:85.2,85.74 1 0
go-usersvc-demo/internal/domain/mocks/user_cache.go:85.74,87.3 1 0
go-usersvc-demo/internal/domain/mocks/user_cache.go:87.8,88.24 1 0
go-usersvc-demo/internal/domain/mocks/user_cache.go:88.24,90.4 1 0
go-usersvc-demo/internal/domain/mocks/user_cache.go:93.2,93.67 1 0
go-usersvc-demo/internal/domain/mocks/user_cache.go:93.67,95.3 1 0
go-usersvc-demo/internal/domain/mocks/user_cache.go:95.8,97.3 1 0
go-usersvc-demo/internal/domain/mocks/user_cache.go:99.2,99.15 1 0
go-usersvc-demo/internal/domain/mocks/user_cache.go:110.88,112.2 1 0
go-usersvc-demo/internal/domain/mocks/user_cache.go:114.96,115.40 1 0
go-usersvc-demo/internal/domain/mocks/user_cache.go:115.40,117.3 1 0
go-usersvc-demo/internal/domain/mocks/user_cache.go:118.2,118.11 1 0
go-usersvc-demo/internal/domain/mocks/user_cache.go:121.87,124.2 2 0
go-usersvc-demo/internal/domain/mocks/user_cache.go:126.120,129.2 2 0
go-usersvc-demo/internal/domain/mocks/user_cache.go:132.72,135.19 2 0
go-usersvc-demo/internal/domain/mocks/user_cache.go:135.19,136.45 1 0
go-usersvc-demo/internal/domain/mocks/user_cache.go:139.2,140.74 2 0
go-usersvc-demo/internal/domain/mocks/user_cache.go:140.74,142.3 1 0
go-usersvc-demo/internal/domain/mocks/user_cache.go:142.8,144.3 1 0
go-usersvc-demo/internal/domain/mocks/user_cache.go:146.2,146.11 1 0
go-usersvc-demo/internal/domain/mocks/user_cache.go:157.90,159.2 1 0
go-usersvc-demo/internal/domain/mocks/user_cache.go:161.105,162.40 1 0
go-usersvc-demo/internal/domain/mocks/user_cache.go:162.40,164.3 1 0
go-usersvc-demo/internal/domain/mocks/user_cache.go:165.2,165.11 1 0
go-usersvc-demo/internal/domain/mocks/user_cache.go:168.69,171.2 2 0
go-usersvc-demo/internal/domain/mocks/user_cache.go:173.111,176.2 2 0
go-usersvc-demo/internal/domain/mocks/user_cache.go:183.15,187.19 3 0
go-usersvc-demo/internal/domain/mocks/user_cache.go:187.19,187.49 1 0
go-usersvc-demo/internal/domain/mocks/user_cache.go:189.2,189.13 1 0
go-usersvc-demo/internal/domain/mocks/user_repository.go:21.61,23.2 1 0
go-usersvc-demo/internal/domain/mocks/user_repository.go:26.96,29.19 2 0
go-usersvc-demo/internal/domain/mocks/user_repository.go:29.19,30.48 1 0
go-usersvc-demo/internal/domain/mocks/user_repository.go:33.2,35.90 3 0
go-usersvc-demo/internal/domain/mocks/user_repository.go:35.90,37.3 1 0
go-usersvc-demo/internal/domain/mocks/user_repository.go:38.2,38.81 1 0
go-usersvc-demo/internal/domain/mocks/user_repository.go:38.81,40.3 1 0
go-usersvc-demo/internal/domain/mocks/user_repository.go:40.8,41.24 1 0
go-usersvc-demo/internal/domain/mocks/user_repository.go:41.24,43.4 1 0
go-usersvc-demo/internal/domain/mocks/user_repository.go:46.2,46.74 1 0
go-usersvc-demo/internal/domain/mocks/user_repository.go:46.74,48.3 1 0
go-usersvc-demo/internal/domain/mocks/user_repository.go:48.8,50.3 1 0
go-usersvc-demo/internal/domain/mocks/user_repository.go:52.2,52.15 1 0
go-usersvc-demo/internal/domain/mocks/user_repository.go:63.106,65.2 1 0
go-usersvc-demo/internal/domain/mocks/user_repository.go:67.121,68.40 1 0
go-usersvc-demo/internal/domain/mocks/user_repository.go:68.40,70.3 1 0
go-usersvc-demo/internal/domain/mocks/user_repository.go:71.2,71.11 1 0
go-usersvc-demo/internal/domain/mocks/user_repository.go:74.103,77.2 2 0
go-usersvc-demo/internal/domain/mocks/user_repository.go:79.143,82.2 2 0
go-usersvc-demo/internal/domain/mocks/user_repository.go:85.71,88.19 2 0
go-usersvc-demo/internal/domain/mocks/user_repository.go:88.19,89.48 1 0
go-usersvc-demo/internal/domain/mocks/user_repository.go:92.2,93.67 2 0
go-usersvc-demo/internal/domain/mocks/user_repository.go:93.67,95.3 1 0
go-usersvc-demo/internal/domain/mocks/user_repository.go:95.8,97.3 1 0
go-usersvc-demo/internal/domain/mocks/user_repository.go:99.2,99.11 1 0
go-usersvc-demo/internal/domain/mocks/user_repository.go:110.104,112.2 1 0
go-usersvc-demo/internal/domain/mocks/user_repository.go:114.112,115.40 1 0
go-usersvc-demo/internal/domain/mocks/user_repository.go:115.40,117.3 1 0
go-usersvc-demo/internal/domain/mocks/user_repository.go:118.2,118.11 1 0
go-usersvc-demo/internal/domain/mocks/user_repository.go:121.85,124.2 2 0
go-usersvc-demo/internal/domain/mocks/user_repository.go:126.120,129.2 2 0
go-usersvc-demo/internal/domain/mocks/user_repository.go:132.95,135.19 2 0
go-usersvc-demo/internal/domain/mocks/user_repository.go:135.19,136.52 1 0
go-usersvc-demo/internal/domain/mocks/user_repository.go:139.2,141.84 3 0
go-usersvc-demo/internal/domain/mocks/user_repository.go:141.84,143.3 1 0
go-usersvc-demo/internal/domain/mocks/user_repository.go:144.2,144.75 1 0
go-usersvc-demo/internal/domain/mocks/user_repository.go:144.75,146.3 1 0
go-usersvc-demo/internal/domain/mocks/user_repository.go:146.8,147.24 1 0
go-usersvc-demo/internal/domain/mocks/user_repository.go:147.24,149.4 1 0
go-usersvc-demo/internal/domain/mocks/user_repository.go:152.2,152.68 1 0
go-usersvc-demo/internal/domain/mocks/user_repository.go:152.68,154.3 1 0
go-usersvc-demo/internal/domain/mocks/user_repository.go:154.8,156.3 1 0
go-usersvc-demo/internal/domain/mocks/user_repository.go:158.2,158.15 1 0
go-usersvc-demo/internal/domain/mocks/user_repository.go:169.115,171.2 1 0
go-usersvc-demo/internal/domain/mocks/user_repository.go:173.124,174.40 1 0
go-usersvc-demo/internal/domain/mocks/user_repository.go:174.40,176.3 1 0
go-usersvc-demo/internal/domain/mocks/user_repository.go:177.2,177.11 1 0
go-usersvc-demo/internal/domain/mocks/user_repository.go:180.111,183.2 2 0
go-usersvc-demo/internal/domain/mocks/user_repository.go:185.145,188.2 2 0
go-usersvc-demo/internal/domain/mocks/user_repository.go:191.88,194.19 2 0
go-usersvc-demo/internal/domain/mocks/user_repository.go:194.19,195.49 1 0
go-usersvc-demo/internal/domain/mocks/user_repository.go:198.2,200.83 3 0
go-usersvc-demo/internal/domain/mocks/user_repository.go:200.83,202.3 1 0
go-usersvc-demo/internal/domain/mocks/user_repository.go:203.2,203.74 1 0
go-usersvc-demo/internal/domain/mocks/user_repository.go:203.74,205.3 1 0
go-usersvc-demo/internal/domain/mocks/user_repository.go:205.8,206.24 1 0
go-usersvc-demo/internal/domain/mocks/user_repository.go:206.24,208.4 1 0
go-usersvc-demo/internal/domain/mocks/user_repository.go:211.2,211.67 1 0
go-usersvc-demo/internal/domain/mocks/user_repository.go:211.67,213.3 1 0
go-usersvc-demo/internal/domain/mocks/user_repository.go:213.8,215.3 1 0
go-usersvc-demo/internal/domain/mocks/user_repository.go:217.2,217.15 1 0
go-usersvc-demo/internal/domain/mocks/user_repository.go:228.106,230.2 1 0
go-usersvc-demo/internal/domain/mocks/user_repository.go:232.114,233.40 1 0
go-usersvc-demo/internal/domain/mocks/user_repository.go:233.40,235.3 1 0
go-usersvc-demo/internal/domain/mocks/user_repository.go:236.2,236.11 1 0
go-usersvc-demo/internal/domain/mocks/user_repository.go:239.105,242.2 2 0
go-usersvc-demo/internal/domain/mocks/user_repository.go:244.138,247.2 2 0
go-usersvc-demo/internal/domain/mocks/user_repository.go:250.105,253.19 2 0
go-usersvc-demo/internal/domain/mocks/user_repository.go:253.19,254.46 1 0
go-usersvc-demo/internal/domain/mocks/user_repository.go:257.2,259.99 3 0
go-usersvc-demo/internal/domain/mocks/user_repository.go:259.99,261.3 1 0
go-usersvc-demo/internal/domain/mocks/user_repository.go:262.2,262.90 1 0
go-usersvc-demo/internal/domain/mocks/user_repository.go:262.90,264.3 1 0
go-usersvc-demo/internal/domain/mocks/user_repository.go:264.8,265.24 1 0
go-usersvc-demo/internal/domain/mocks/user_repository.go:265.24,267.4 1 0
go-usersvc-demo/internal/domain/mocks/user_repository.go:270.2,270.79 1 0
go-usersvc-demo/internal/domain/mocks/user_repository.go:270.79,272.3 1 0
go-usersvc-demo/internal/domain/mocks/user_repository.go:272.8,274.3 1 0
go-usersvc-demo/internal/domain/mocks/user_repository.go:276.2,276.15 1 0
go-usersvc-demo/internal/domain/mocks/user_repository.go:287.104,289.2 1 0
go-usersvc-demo/internal/domain/mocks/user_repository.go:291.124,292.40 1 0
go-usersvc-demo/internal/domain/mocks/user_repository.go:292.40,294.3 1 0
go-usersvc-demo/internal/domain/mocks/user_repository.go:295.2,295.11 1 0
go-usersvc-demo/internal/domain/mocks/user_repository.go:298.103,301.2 2 0
go-usersvc-demo/internal/domain/mocks/user_repository.go:303.148,306.2 2 0
go-usersvc-demo/internal/domain/mocks/user_repository.go:309.117,312.19 2 0
go-usersvc-demo/internal/domain/mocks/user_repository.go:312.19,313.48 1 0
go-usersvc-demo/internal/domain/mocks/user_repository.go:316.2,318.107 3 0
go-usersvc-demo/internal/domain/mocks/user_repository.go:318.107,320.3 1 0
go-usersvc-demo/internal/domain/mocks/user_repository.go:321.2,321.98 1 0
go-usersvc-demo/internal/domain/mocks/user_repository.go:321.98,323.3 1 0
go-usersvc-demo/internal/domain/mocks/user_repository.go:323.8,324.24 1 0
go-usersvc-demo/internal/domain/mocks/user_repository.go:324.24,326.4 1 0
go-usersvc-demo/internal/domain/mocks/user_repository.go:329.2,329.91 1 0
go-usersvc-demo/internal/domain/mocks/user_repository.go:329.91,331.3 1 0
go-usersvc-demo/internal/domain/mocks/user_repository.go:331.8,333.3 1 0
go-usersvc-demo/internal/domain/mocks/user_repository.go:335.2,335.15 1 0
go-usersvc-demo/internal/domain/mocks/user_repository.go:347.123,349.2 1 0
go-usersvc-demo/internal/domain/mocks/user_repository.go:351.142,352.40 1 0
go-usersvc-demo/internal/domain/mocks/user_repository.go:352.40,354.3 1 0
go-usersvc-demo/internal/domain/mocks/user_repository.go:355.2,355.11 1 0
go-usersvc-demo/internal/domain/mocks/user_repository.go:358.103,361.2 2 0
go-usersvc-demo/internal/domain/mocks/user_repository.go:363.160,366.2 2 0
go-usersvc-demo/internal/domain/mocks/user_repository.go:373.20,377.19 3 0
go-usersvc-demo/internal/domain/mocks/user_repository.go:377.19,377.49 1 0
go-usersvc-demo/internal/domain/mocks/user_repository.go:379.2,379.13 1 0
go-usersvc-demo/internal/infrastructure/redis/redis.go:10.70,17.64 2 0
go-usersvc-demo/internal/infrastructure/redis/redis.go:17.64,19.3 1 0
go-usersvc-demo/internal/infrastructure/redis/redis.go:21.2,21.20 1 0
go-usersvc-demo/internal/infrastructure/redis/user_cache.go:21.52,23.2 1 0
go-usersvc-demo/internal/infrastructure/redis/user_cache.go:25.31,27.2 1 0
go-usersvc-demo/internal/infrastructure/redis/user_cache.go:29.78,31.16 2 0
go-usersvc-demo/internal/infrastructure/redis/user_cache.go:31.16,33.3 1 0
go-usersvc-demo/internal/infrastructure/redis/user_cache.go:35.2,36.51 2 0
go-usersvc-demo/internal/infrastructure/redis/user_cache.go:36.51,38.3 1 0
go-usersvc-demo/internal/infrastructure/redis/user_cache.go:40.2,40.18 1 0
go-usersvc-demo/internal/infrastructure/redis/user_cache.go:43.71,45.16 2 0
go-usersvc-demo/internal/infrastructure/redis/user_cache.go:45.16,47.3 1 0
go-usersvc-demo/internal/infrastructure/redis/user_cache.go:49.2,49.63 1 0
go-usersvc-demo/internal/infrastructure/redis/user_cache.go:52.65,54.2 1 0
go-usersvc-demo/internal/pkg/httputility/response.go:22.46,23.16 1 0
go-usersvc-demo/internal/pkg/httputility/response.go:23.16,29.3 2 0
go-usersvc-demo/internal/pkg/httputility/response.go:31.2,32.8 2 0
go-usersvc-demo/internal/pkg/httputility/response.go:32.8,40.3 3 0
go-usersvc-demo/internal/pkg/httputility/response.go:42.2,45.4 1 0
go-usersvc-demo/internal/pkg/httputility/response.go:48.71,49.40 1 0
go-usersvc-demo/internal/pkg/httputility/response.go:49.40,52.3 2 0
go-usersvc-demo/internal/pkg/httputility/response.go:53.2,53.26 1 0
go-usersvc-demo/internal/pkg/httputility/response.go:56.54,57.14 1 0
go-usersvc-demo/internal/pkg/httputility/response.go:58.30,59.29 1 0
go-usersvc-demo/internal/pkg/httputility/response.go:60.30,61.29 1 0
go-usersvc-demo/internal/pkg/httputility/response.go:62.32,63.40 1 0
go-usersvc-demo/internal/pkg/httputility/response.go:64.34,65.33 1 0
go-usersvc-demo/internal/pkg/httputility/response.go:66.31,67.30 1 0
go-usersvc-demo/internal/pkg/httputility/response.go:68.33,69.36 1 0
go-usersvc-demo/internal/pkg/httputility/response.go:70.30,71.40 1 0
go-usersvc-demo/internal/pkg/httputility/response.go:72.10,73.40 1 0
go-usersvc-demo/internal/pkg/httputility/response.go:77.79,78.36 1 0
go-usersvc-demo/internal/pkg/httputility/response.go:78.36,81.3 2 0
go-usersvc-demo/internal/pkg/httputility/response.go:82.2,82.13 1 0
go-usersvc-demo/internal/pkg/httputility/response.go:85.61,89.2 3 0
go-usersvc-demo/internal/config/config.go:45.38,50.2 1 0
go-usersvc-demo/internal/config/config.go:52.30,59.22 5 0
go-usersvc-demo/internal/config/config.go:59.22,61.3 1 0
go-usersvc-demo/internal/config/config.go:63.2,63.40 1 0
go-usersvc-demo/internal/config/config.go:63.40,65.3 1 0
go-usersvc-demo/internal/config/config.go:67.2,93.17 2 0
go-usersvc-demo/internal/config/config.go:96.44,97.38 1 0
go-usersvc-demo/internal/config/config.go:97.38,99.3 1 0
go-usersvc-demo/internal/config/config.go:100.2,100.19 1 0
go-usersvc-demo/docs/docs.go:661.13,663.2 1 0
go-usersvc-demo/internal/domain/errors.go:24.35,25.21 1 0
go-usersvc-demo/internal/domain/errors.go:25.21,27.3 1 0
go-usersvc-demo/internal/domain/errors.go:28.2,28.49 1 0
go-usersvc-demo/internal/domain/errors.go:31.35,33.2 1 0
go-usersvc-demo/internal/domain/errors.go:35.58,41.2 1 0
go-usersvc-demo/internal/domain/errors.go:43.58,49.2 1 0
go-usersvc-demo/internal/domain/errors.go:51.60,57.2 1 0
go-usersvc-demo/internal/domain/errors.go:59.53,64.2 1 0
go-usersvc-demo/internal/domain/errors.go:66.50,71.2 1 0
go-usersvc-demo/internal/domain/errors.go:73.60,79.2 1 0
go-usersvc-demo/internal/domain/errors.go:81.55,87.2 1 0
go-usersvc-demo/internal/domain/errors.go:89.46,92.2 2 0
go-usersvc-demo/internal/pkg/logger/logger.go:13.30,15.11 2 0
go-usersvc-demo/internal/pkg/logger/logger.go:15.11,19.3 1 0
go-usersvc-demo/internal/pkg/logger/logger.go:19.8,23.3 1 0
go-usersvc-demo/internal/pkg/logger/logger.go:25.2,26.35 2 0
go-usersvc-demo/internal/pkg/logger/logger.go:29.59,31.2 1 0
go-usersvc-demo/internal/pkg/logger/logger.go:33.47,35.2 1 0
go-usersvc-demo/internal/pkg/logger/logger.go:37.60,39.27 2 0
go-usersvc-demo/internal/pkg/logger/logger.go:39.27,41.3 1 0
go-usersvc-demo/internal/pkg/logger/logger.go:42.2,42.40 1 0
go-usersvc-demo/internal/pkg/logger/logger.go:47.29,49.2 1 0
go-usersvc-demo/internal/pkg/logger/logger.go:51.20,52.25 1 0
go-usersvc-demo/internal/pkg/logger/logger.go:52.25,54.3 1 0
go-usersvc-demo/internal/pkg/logger/logger.go:55.2,55.21 1 0
go-usersvc-demo/internal/pkg/ratelimit/limiter.go:18.50,29.2 3 1
go-usersvc-demo/internal/pkg/ratelimit/limiter.go:30.42,33.2 2 1
go-usersvc-demo/internal/pkg/ratelimit/limiter.go:35.56,40.12 4 1
go-usersvc-demo/internal/pkg/ratelimit/limiter.go:40.12,42.3 1 1
go-usersvc-demo/internal/pkg/ratelimit/limiter.go:44.2,47.48 3 1
go-usersvc-demo/internal/pkg/ratelimit/limiter.go:47.48,49.3 1 0
go-usersvc-demo/internal/pkg/ratelimit/limiter.go:50.2,53.16 3 1
go-usersvc-demo/internal/pkg/ratelimit/limiter.go:56.37,60.21 3 1
go-usersvc-demo/internal/pkg/ratelimit/limiter.go:60.21,62.40 2 0
go-usersvc-demo/internal/pkg/ratelimit/limiter.go:62.40,63.38 1 0
go-usersvc-demo/internal/pkg/ratelimit/limiter.go:63.38,64.13 1 0
go-usersvc-demo/internal/pkg/ratelimit/limiter.go:66.4,66.44 1 0
go-usersvc-demo/internal/pkg/ratelimit/limiter.go:66.44,68.5 1 0
go-usersvc-demo/internal/pkg/ratelimit/limiter.go:70.3,70.16 1 0
go-usersvc-demo/internal/pkg/ratelimit/limiter.go:74.37,78.2 3 1
go-usersvc-demo/internal/pkg/ratelimit/limiter.go:80.30,84.2 3 1
go-usersvc-demo/internal/testhelpers/mocks.go:22.50,27.2 1 0
go-usersvc-demo/internal/testhelpers/mocks.go:29.96,30.18 1 0
go-usersvc-demo/internal/testhelpers/mocks.go:30.18,32.3 1 0
go-usersvc-demo/internal/testhelpers/mocks.go:34.2,37.35 3 0
go-usersvc-demo/internal/testhelpers/mocks.go:37.35,38.32 1 0
go-usersvc-demo/internal/testhelpers/mocks.go:38.32,40.4 1 0
go-usersvc-demo/internal/testhelpers/mocks.go:43.2,49.15 6 0
go-usersvc-demo/internal/testhelpers/mocks.go:52.91,53.18 1 0
go-usersvc-demo/internal/testhelpers/mocks.go:53.18,55.3 1 0
go-usersvc-demo/internal/testhelpers/mocks.go:57.2,61.9 4 0
go-usersvc-demo/internal/testhelpers/mocks.go:61.9,63.3 1 0
go-usersvc-demo/internal/testhelpers/mocks.go:64.2,64.15 1 0
go-usersvc-demo/internal/testhelpers/mocks.go:67.98,68.18 1 0
go-usersvc-demo/internal/testhelpers/mocks.go:68.18,70.3 1 0
go-usersvc-demo/internal/testhelpers/mocks.go:72.2,75.28 3 0
go-usersvc-demo/internal/testhelpers/mocks.go:75.28,76.23 1 0
go-usersvc-demo/internal/testhelpers/mocks.go:76.23,78.4 1 0
go-usersvc-demo/internal/testhelpers/mocks.go:80.2,80.42 1 0
go-usersvc-demo/internal/testhelpers/mocks.go:83.108,84.18 1 0
go-usersvc-demo/internal/testhelpers/mocks.go:84.18,86.3 1 0
go-usersvc-demo/internal/testhelpers/mocks.go:88.2,92.28 4 0
go-usersvc-demo/internal/testhelpers/mocks.go:92.28,94.3 1 0
go-usersvc-demo/internal/testhelpers/mocks.go:96.2,101.8 1 0
go-usersvc-demo/internal/testhelpers/mocks.go:104.120,105.18 1 0
go-usersvc-demo/internal/testhelpers/mocks.go:105.18,107.3 1 0
go-usersvc-demo/internal/testhelpers/mocks.go:109.2,113.9 4 0
go-usersvc-demo/internal/testhelpers/mocks.go:113.9,115.3 1 0
go-usersvc-demo/internal/testhelpers/mocks.go:117.2,117.23 1 0
go-usersvc-demo/internal/testhelpers/mocks.go:117.23,119.3 1 0
go-usersvc-demo/internal/testhelpers/mocks.go:120.2,120.24 1 0
go-usersvc-demo/internal/testhelpers/mocks.go:120.24,122.3 1 0
go-usersvc-demo/internal/testhelpers/mocks.go:123.2,123.27 1 0
go-usersvc-demo/internal/testhelpers/mocks.go:123.27,125.3 1 0
go-usersvc-demo/internal/testhelpers/mocks.go:126.2,128.15 2 0
go-usersvc-demo/internal/testhelpers/mocks.go:131.74,132.18 1 0
go-usersvc-demo/internal/testhelpers/mocks.go:132.18,134.3 1 0
go-usersvc-demo/internal/testhelpers/mocks.go:136.2,139.31 3 0
go-usersvc-demo/internal/testhelpers/mocks.go:139.31,141.3 1 0
go-usersvc-demo/internal/testhelpers/mocks.go:142.2,143.12 2 0
go-usersvc-demo/internal/testhelpers/mocks.go:146.52,151.2 4 0
go-usersvc-demo/internal/testhelpers/mocks.go:153.43,158.2 4 0
go-usersvc-demo/internal/testhelpers/mocks.go:160.59,165.28 4 0
go-usersvc-demo/internal/testhelpers/mocks.go:165.28,167.3 1 0
go-usersvc-demo/internal/testhelpers/mocks.go:168.2,168.14 1 0
go-usersvc-demo/internal/testhelpers/mocks.go:176.40,180.2 1 0
go-usersvc-demo/internal/testhelpers/mocks.go:182.82,187.9 4 0
go-usersvc-demo/internal/testhelpers/mocks.go:187.9,189.3 1 0
go-usersvc-demo/internal/testhelpers/mocks.go:190.2,190.15 1 0
go-usersvc-demo/internal/testhelpers/mocks.go:193.72,199.2 4 0
go-usersvc-demo/internal/testhelpers/mocks.go:201.69,207.2 4 0
go-usersvc-demo/internal/testhelpers/testcontainers.go:19.78,37.16 3 0
go-usersvc-demo/internal/testhelpers/testcontainers.go:37.16,39.3 1 0
go-usersvc-demo/internal/testhelpers/testcontainers.go:41.2,42.16 2 0
go-usersvc-demo/internal/testhelpers/testcontainers.go:42.16,45.3 2 0
go-usersvc-demo/internal/testhelpers/testcontainers.go:47.2,48.16 2 0
go-usersvc-demo/internal/testhelpers/testcontainers.go:48.16,51.3 2 0
go-usersvc-demo/internal/testhelpers/testcontainers.go:53.2,57.16 3 0
go-usersvc-demo/internal/testhelpers/testcontainers.go:57.16,60.3 2 0
go-usersvc-demo/internal/testhelpers/testcontainers.go:62.2,62.39 1 0
go-usersvc-demo/internal/testhelpers/testcontainers.go:62.39,66.3 3 0
go-usersvc-demo/internal/testhelpers/testcontainers.go:68.2,72.8 1 0
go-usersvc-demo/internal/testhelpers/testcontainers.go:75.54,77.2 1 0
go-usersvc-demo/internal/testhelpers/testcontainers.go:78.93,79.39 1 0
go-usersvc-demo/internal/testhelpers/testcontainers.go:79.39,80.57 1 0
go-usersvc-demo/internal/testhelpers/testcontainers.go:80.57,82.4 1 0
go-usersvc-demo/internal/testhelpers/testcontainers.go:84.2,84.12 1 0
go-usersvc-demo/internal/testhelpers/testcontainers.go:87.67,88.20 1 0
go-usersvc-demo/internal/testhelpers/testcontainers.go:88.20,90.3 1 0
go-usersvc-demo/internal/testhelpers/testcontainers.go:91.2,91.25 1 0
go-usersvc-demo/internal/testhelpers/testcontainers.go:91.25,93.3 1 0
go-usersvc-demo/internal/testhelpers/testcontainers.go:94.2,94.12 1 0
go-usersvc-demo/internal/transport/grpc/handler.go:20.52,22.2 1 0
go-usersvc-demo/internal/transport/grpc/handler.go:24.51,32.2 1 0
go-usersvc-demo/internal/transport/grpc/handler.go:34.104,35.61 1 0
go-usersvc-demo/internal/transport/grpc/handler.go:35.61,37.3 1 0
go-usersvc-demo/internal/transport/grpc/handler.go:39.2,44.16 2 0
go-usersvc-demo/internal/transport/grpc/handler.go:44.16,45.48 1 0
go-usersvc-demo/internal/transport/grpc/handler.go:45.48,47.4 1 0
go-usersvc-demo/internal/transport/grpc/handler.go:48.3,48.90 1 0
go-usersvc-demo/internal/transport/grpc/handler.go:51.2,51.31 1 0
go-usersvc-demo/internal/transport/grpc/handler.go:54.106,55.17 1 0
go-usersvc-demo/internal/transport/grpc/handler.go:55.17,57.3 1 0
go-usersvc-demo/internal/transport/grpc/handler.go:59.2,60.16 2 0
go-usersvc-demo/internal/transport/grpc/handler.go:60.16,61.38 1 0
go-usersvc-demo/internal/transport/grpc/handler.go:61.38,63.4 1 0
go-usersvc-demo/internal/transport/grpc/handler.go:64.3,64.67 1 0
go-usersvc-demo/internal/transport/grpc/handler.go:67.2,67.31 1 0
go-usersvc-demo/internal/transport/grpc/handler.go:70.107,73.15 3 0
go-usersvc-demo/internal/transport/grpc/handler.go:73.15,75.3 1 0
go-usersvc-demo/internal/transport/grpc/handler.go:76.2,76.31 1 0
go-usersvc-demo/internal/transport/grpc/handler.go:76.31,78.3 1 0
go-usersvc-demo/internal/transport/grpc/handler.go:80.2,81.16 2 0
go-usersvc-demo/internal/transport/grpc/handler.go:81.16,83.3 1 0
go-usersvc-demo/internal/transport/grpc/handler.go:85.2,90.32 2 0
go-usersvc-demo/internal/transport/grpc/handler.go:90.32,98.3 1 0
go-usersvc-demo/internal/transport/grpc/handler.go:100.2,100.18 1 0
go-usersvc-demo/internal/transport/grpc/handler.go:103.104,104.17 1 0
go-usersvc-demo/internal/transport/grpc/handler.go:104.17,106.3 1 0
go-usersvc-demo/internal/transport/grpc/handler.go:108.2,109.20 2 0
go-usersvc-demo/internal/transport/grpc/handler.go:109.20,111.3 1 0
go-usersvc-demo/internal/transport/grpc/handler.go:112.2,112.21 1 0
go-usersvc-demo/internal/transport/grpc/handler.go:112.21,114.3 1 0
go-usersvc-demo/internal/transport/grpc/handler.go:115.2,115.24 1 0
go-usersvc-demo/internal/transport/grpc/handler.go:115.24,117.3 1 0
go-usersvc-demo/internal/transport/grpc/handler.go:119.2,120.16 2 0
go-usersvc-demo/internal/transport/grpc/handler.go:120.16,121.38 1 0
go-usersvc-demo/internal/transport/grpc/handler.go:121.38,123.4 1 0
go-usersvc-demo/internal/transport/grpc/handler.go:124.3,124.68 1 0
go-usersvc-demo/internal/transport/grpc/handler.go:127.2,127.31 1 0
go-usersvc-demo/internal/transport/grpc/handler.go:130.110,131.17 1 0
go-usersvc-demo/internal/transport/grpc/handler.go:131.17,133.3 1 0
go-usersvc-demo/internal/transport/grpc/handler.go:135.2,135.54 1 0
go-usersvc-demo/internal/transport/grpc/handler.go:135.54,136.38 1 0
go-usersvc-demo/internal/transport/grpc/handler.go:136.38,138.4 1 0
go-usersvc-demo/internal/transport/grpc/handler.go:139.3,139.68 1 0
go-usersvc-demo/internal/transport/grpc/handler.go:142.2,142.89 1 0
go-usersvc-demo/internal/transport/grpc/middleware.go:21.139,28.2 5 0
go-usersvc-demo/internal/transport/grpc/middleware.go:30.81,31.128 1 0
go-usersvc-demo/internal/transport/grpc/middleware.go:31.128,33.10 2 0
go-usersvc-demo/internal/transport/grpc/middleware.go:33.10,35.4 1 0
go-usersvc-demo/internal/transport/grpc/middleware.go:37.3,38.42 2 0
go-usersvc-demo/internal/transport/grpc/middleware.go:38.42,40.4 1 0
go-usersvc-demo/internal/transport/grpc/middleware.go:42.3,47.17 4 0
go-usersvc-demo/internal/transport/grpc/middleware.go:47.17,49.4 1 0
go-usersvc-demo/internal/transport/grpc/middleware.go:51.3,52.27 2 0
go-usersvc-demo/internal/transport/grpc/middleware.go:56.59,59.2 2 0
go-usersvc-demo/internal/transport/grpc/middleware.go:61.75,63.2 1 0
go-usersvc-demo/internal/transport/grpc/ratelimit.go:15.88,16.128 1 1
go-usersvc-demo/internal/transport/grpc/ratelimit.go:16.128,18.41 2 1
go-usersvc-demo/internal/transport/grpc/ratelimit.go:18.41,20.4 1 1
go-usersvc-demo/internal/transport/grpc/ratelimit.go:20.9,22.4 1 0
go-usersvc-demo/internal/transport/grpc/ratelimit.go:24.3,24.31 1 1
go-usersvc-demo/internal/transport/grpc/ratelimit.go:24.31,31.4 2 1
go-usersvc-demo/internal/transport/grpc/ratelimit.go:33.3,33.27 1 1
go-usersvc-demo/internal/transport/grpc/ratelimit.go:38.90,39.116 1 1
go-usersvc-demo/internal/transport/grpc/ratelimit.go:39.116,41.50 2 1
go-usersvc-demo/internal/transport/grpc/ratelimit.go:41.50,43.4 1 1
go-usersvc-demo/internal/transport/grpc/ratelimit.go:43.9,45.4 1 0
go-usersvc-demo/internal/transport/grpc/ratelimit.go:47.3,47.31 1 1
go-usersvc-demo/internal/transport/grpc/ratelimit.go:47.31,54.4 2 1
go-usersvc-demo/internal/transport/grpc/ratelimit.go:56.3,56.26 1 1
go-usersvc-demo/internal/transport/http/handler.go:24.114,26.2 1 0
go-usersvc-demo/internal/transport/http/handler.go:66.46,68.49 2 0
go-usersvc-demo/internal/transport/http/handler.go:68.49,71.3 2 0
go-usersvc-demo/internal/transport/http/handler.go:72.2,72.47 1 0
go-usersvc-demo/internal/transport/http/handler.go:72.47,75.3 2 0
go-usersvc-demo/internal/transport/http/handler.go:77.2,78.16 2 0
go-usersvc-demo/internal/transport/http/handler.go:78.16,81.3 2 0
go-usersvc-demo/internal/transport/http/handler.go:83.2,83.57 1 0
go-usersvc-demo/internal/transport/http/handler.go:98.41,100.49 2 0
go-usersvc-demo/internal/transport/http/handler.go:100.49,103.3 2 0
go-usersvc-demo/internal/transport/http/handler.go:104.2,104.47 1 0
go-usersvc-demo/internal/transport/http/handler.go:104.47,107.3 2 0
go-usersvc-demo/internal/transport/http/handler.go:109.2,110.16 2 0
go-usersvc-demo/internal/transport/http/handler.go:110.16,113.3 2 0
go-usersvc-demo/internal/transport/http/handler.go:115.2,115.115 1 0
go-usersvc-demo/internal/transport/http/handler.go:130.43,132.49 2 0
go-usersvc-demo/internal/transport/http/handler.go:132.49,135.3 2 0
go-usersvc-demo/internal/transport/http/handler.go:136.2,136.47 1 0
go-usersvc-demo/internal/transport/http/handler.go:136.47,139.3 2 0
go-usersvc-demo/internal/transport/http/handler.go:141.2,142.16 2 0
go-usersvc-demo/internal/transport/http/handler.go:142.16,145.3 2 0
go-usersvc-demo/internal/transport/http/handler.go:147.2,147.115 1 0
go-usersvc-demo/internal/transport/http/handler.go:162.47,164.16 2 0
go-usersvc-demo/internal/transport/http/handler.go:164.16,167.3 2 0
go-usersvc-demo/internal/transport/http/handler.go:169.2,170.16 2 0
go-usersvc-demo/internal/transport/http/handler.go:170.16,173.3 2 0
go-usersvc-demo/internal/transport/http/handler.go:174.2,176.52 2 0
go-usersvc-demo/internal/transport/http/handler.go:190.46,192.9 2 0
go-usersvc-demo/internal/transport/http/handler.go:192.9,195.3 2 0
go-usersvc-demo/internal/transport/http/handler.go:197.2,198.16 2 0
go-usersvc-demo/internal/transport/http/handler.go:198.16,201.3 2 0
go-usersvc-demo/internal/transport/http/handler.go:202.2,204.52 2 0
go-usersvc-demo/internal/transport/http/handler.go:218.45,223.16 4 0
go-usersvc-demo/internal/transport/http/handler.go:223.16,226.3 2 0
go-usersvc-demo/internal/transport/http/handler.go:228.2,228.54 1 0
go-usersvc-demo/internal/transport/http/handler.go:246.46,248.16 2 0
go-usersvc-demo/internal/transport/http/handler.go:248.16,251.3 2 0
go-usersvc-demo/internal/transport/http/handler.go:253.2,254.49 2 0
go-usersvc-demo/internal/transport/http/handler.go:254.49,257.3 2 0
go-usersvc-demo/internal/transport/http/handler.go:258.2,258.47 1 0
go-usersvc-demo/internal/transport/http/handler.go:258.47,261.3 2 0
go-usersvc-demo/internal/transport/http/handler.go:263.2,264.16 2 0
go-usersvc-demo/internal/transport/http/handler.go:264.16,267.3 2 0
go-usersvc-demo/internal/transport/http/handler.go:268.2,270.52 2 0
go-usersvc-demo/internal/transport/http/handler.go:284.46,286.16 2 0
go-usersvc-demo/internal/transport/http/handler.go:286.16,289.3 2 0
go-usersvc-demo/internal/transport/http/handler.go:291.2,291.66 1 0
go-usersvc-demo/internal/transport/http/handler.go:291.66,294.3 2 0
go-usersvc-demo/internal/transport/http/handler.go:296.2,296.32 1 0
go-usersvc-demo/internal/transport/http/handler.go:313.45,315.9 2 0
go-usersvc-demo/internal/transport/http/handler.go:315.9,318.3 2 0
go-usersvc-demo/internal/transport/http/handler.go:320.2,321.49 2 0
go-usersvc-demo/internal/transport/http/handler.go:321.49,324.3 2 0
go-usersvc-demo/internal/transport/http/handler.go:326.2,326.47 1 0
go-usersvc-demo/internal/transport/http/handler.go:326.47,329.3 2 0
go-usersvc-demo/internal/transport/http/handler.go:331.2,337.24 2 0
go-usersvc-demo/internal/transport/http/handler.go:338.17,340.10 2 0
go-usersvc-demo/internal/transport/http/handler.go:340.10,343.4 2 0
go-usersvc-demo/internal/transport/http/handler.go:344.3,344.90 1 0
go-usersvc-demo/internal/transport/http/handler.go:344.90,348.4 3 0
go-usersvc-demo/internal/transport/http/handler.go:350.15,352.10 2 0
go-usersvc-demo/internal/transport/http/handler.go:352.10,355.4 2 0
go-usersvc-demo/internal/transport/http/handler.go:356.3,356.101 1 0
go-usersvc-demo/internal/transport/http/handler.go:356.101,360.4 3 0
go-usersvc-demo/internal/transport/http/handler.go:362.22,364.10 2 0
go-usersvc-demo/internal/transport/http/handler.go:364.10,367.4 2 0
go-usersvc-demo/internal/transport/http/handler.go:368.3,368.107 1 0
go-usersvc-demo/internal/transport/http/handler.go:368.107,372.4 3 0
go-usersvc-demo/internal/transport/http/handler.go:374.10,376.9 2 0
go-usersvc-demo/internal/transport/http/handler.go:379.2,382.4 1 0
go-usersvc-demo/internal/transport/http/health.go:24.79,25.30 1 0
go-usersvc-demo/internal/transport/http/health.go:25.30,34.38 4 0
go-usersvc-demo/internal/transport/http/health.go:34.38,39.4 1 0
go-usersvc-demo/internal/transport/http/health.go:39.9,41.4 1 0
go-usersvc-demo/internal/transport/http/health.go:43.3,43.53 1 0
go-usersvc-demo/internal/transport/http/health.go:43.53,48.4 1 0
go-usersvc-demo/internal/transport/http/health.go:48.9,50.4 1 0
go-usersvc-demo/internal/transport/http/health.go:52.3,53.41 2 0
go-usersvc-demo/internal/transport/http/health.go:53.41,54.26 1 0
go-usersvc-demo/internal/transport/http/health.go:54.26,56.10 2 0
go-usersvc-demo/internal/transport/http/health.go:60.3,60.12 1 0
go-usersvc-demo/internal/transport/http/health.go:60.12,63.4 2 0
go-usersvc-demo/internal/transport/http/health.go:63.9,66.4 2 0
go-usersvc-demo/internal/transport/http/middleware.go:19.42,20.75 1 0
go-usersvc-demo/internal/transport/http/middleware.go:20.75,29.3 1 0
go-usersvc-demo/internal/transport/http/middleware.go:32.68,33.30 1 0
go-usersvc-demo/internal/transport/http/middleware.go:33.30,35.23 2 0
go-usersvc-demo/internal/transport/http/middleware.go:35.23,39.4 3 0
go-usersvc-demo/internal/transport/http/middleware.go:41.3,45.18 3 0
go-usersvc-demo/internal/transport/http/middleware.go:45.18,49.4 3 0
go-usersvc-demo/internal/transport/http/middleware.go:51.3,54.17 3 0
go-usersvc-demo/internal/transport/http/middleware.go:54.17,58.4 3 0
go-usersvc-demo/internal/transport/http/middleware.go:60.3,63.11 4 0
go-usersvc-demo/internal/transport/http/middleware.go:67.59,70.2 2 1
go-usersvc-demo/internal/transport/http/middleware.go:71.75,73.2 1 1
go-usersvc-demo/internal/transport/http/middleware_new.go:14.44,15.30 1 1
go-usersvc-demo/internal/transport/http/middleware_new.go:15.30,17.22 2 1
go-usersvc-demo/internal/transport/http/middleware_new.go:17.22,19.4 1 1
go-usersvc-demo/internal/transport/http/middleware_new.go:21.3,27.11 5 1
go-usersvc-demo/internal/transport/http/middleware_new.go:31.49,32.30 1 0
go-usersvc-demo/internal/transport/http/middleware_new.go:32.30,52.3 6 0
go-usersvc-demo/internal/transport/http/middleware_new.go:55.39,56.30 1 0
go-usersvc-demo/internal/transport/http/middleware_new.go:56.30,62.36 5 0
go-usersvc-demo/internal/transport/http/middleware_new.go:62.36,65.4 2 0
go-usersvc-demo/internal/transport/http/middleware_new.go:67.3,67.11 1 0
go-usersvc-demo/internal/transport/http/middleware_new.go:71.43,72.66 1 0
go-usersvc-demo/internal/transport/http/middleware_new.go:72.66,85.3 3 0
go-usersvc-demo/internal/transport/http/ratelimit.go:11.70,12.30 1 1
go-usersvc-demo/internal/transport/http/ratelimit.go:12.30,16.31 3 1
go-usersvc-demo/internal/transport/http/ratelimit.go:16.31,29.4 4 1
go-usersvc-demo/internal/transport/http/ratelimit.go:31.3,31.11 1 1
go-usersvc-demo/internal/transport/http/ratelimit.go:35.83,36.30 1 1
go-usersvc-demo/internal/transport/http/ratelimit.go:36.30,40.63 3 1
go-usersvc-demo/internal/transport/http/ratelimit.go:40.63,42.4 1 1
go-usersvc-demo/internal/transport/http/ratelimit.go:42.9,44.4 1 0
go-usersvc-demo/internal/transport/http/ratelimit.go:46.3,46.26 1 1
go-usersvc-demo/internal/transport/http/ratelimit.go:46.26,59.4 4 1
go-usersvc-demo/internal/transport/http/ratelimit.go:61.3,61.11 1 1
go-usersvc-demo/internal/transport/http/router.go:12.140,21.40 7 0
go-usersvc-demo/internal/transport/http/router.go:21.40,23.3 1 0
go-usersvc-demo/internal/transport/http/router.go:25.2,32.2 7 0
go-usersvc-demo/internal/transport/http/router.go:32.2,38.3 5 0
go-usersvc-demo/internal/transport/http/router.go:40.2,43.2 4 0
go-usersvc-demo/internal/transport/http/router.go:43.2,45.3 1 0
go-usersvc-demo/internal/transport/http/router.go:47.2,49.10 2 0
go-usersvc-demo/pkg/pb/user.pb.go:35.24,37.29 2 0
go-usersvc-demo/pkg/pb/user.pb.go:37.29,41.3 3 0
go-usersvc-demo/pkg/pb/user.pb.go:44.32,46.2 1 0
go-usersvc-demo/pkg/pb/user.pb.go:48.30,48.31 0 0
go-usersvc-demo/pkg/pb/user.pb.go:50.52,52.41 2 0
go-usersvc-demo/pkg/pb/user.pb.go:52.41,54.34 2 0
go-usersvc-demo/pkg/pb/user.pb.go:54.34,56.4 1 0
go-usersvc-demo/pkg/pb/user.pb.go:57.3,57.12 1 0
go-usersvc-demo/pkg/pb/user.pb.go:59.2,59.24 1 0
go-usersvc-demo/pkg/pb/user.pb.go:63.43,65.2 1 0
go-usersvc-demo/pkg/pb/user.pb.go:67.30,68.14 1 0
go-usersvc-demo/pkg/pb/user.pb.go:68.14,70.3 1 0
go-usersvc-demo/pkg/pb/user.pb.go:71.2,71.10 1 0
go-usersvc-demo/pkg/pb/user.pb.go:74.33,75.14 1 0
go-usersvc-demo/pkg/pb/user.pb.go:75.14,77.3 1 0
go-usersvc-demo/pkg/pb/user.pb.go:78.2,78.11 1 0
go-usersvc-demo/pkg/pb/user.pb.go:81.34,82.14 1 0
go-usersvc-demo/pkg/pb/user.pb.go:82.14,84.3 1 0
go-usersvc-demo/pkg/pb/user.pb.go:85.2,85.11 1 0
go-usersvc-demo/pkg/pb/user.pb.go:88.38,89.14 1 0
go-usersvc-demo/pkg/pb/user.pb.go:89.14,91.3 1 0
go-usersvc-demo/pkg/pb/user.pb.go:92.2,92.11 1 0
go-usersvc-demo/pkg/pb/user.pb.go:95.38,96.14 1 0
go-usersvc-demo/pkg/pb/user.pb.go:96.14,98.3 1 0
go-usersvc-demo/pkg/pb/user.pb.go:99.2,99.11 1 0
go-usersvc-demo/pkg/pb/user.pb.go:112.37,114.29 2 0
go-usersvc-demo/pkg/pb/user.pb.go:114.29,118.3 3 0
go-usersvc-demo/pkg/pb/user.pb.go:121.45,123.2 1 0
go-usersvc-demo/pkg/pb/user.pb.go:125.43,125.44 0 0
go-usersvc-demo/pkg/pb/user.pb.go:127.65,129.41 2 0
go-usersvc-demo/pkg/pb/user.pb.go:129.41,131.34 2 0
go-usersvc-demo/pkg/pb/user.pb.go:131.34,133.4 1 0
go-usersvc-demo/pkg/pb/user.pb.go:134.3,134.12 1 0
go-usersvc-demo/pkg/pb/user.pb.go:136.2,136.24 1 0
go-usersvc-demo/pkg/pb/user.pb.go:140.56,142.2 1 0
go-usersvc-demo/pkg/pb/user.pb.go:144.46,145.14 1 0
go-usersvc-demo/pkg/pb/user.pb.go:145.14,147.3 1 0
go-usersvc-demo/pkg/pb/user.pb.go:148.2,148.11 1 0
go-usersvc-demo/pkg/pb/user.pb.go:151.47,152.14 1 0
go-usersvc-demo/pkg/pb/user.pb.go:152.14,154.3 1 0
go-usersvc-demo/pkg/pb/user.pb.go:155.2,155.11 1 0
go-usersvc-demo/pkg/pb/user.pb.go:158.50,159.14 1 0
go-usersvc-demo/pkg/pb/user.pb.go:159.14,161.3 1 0
go-usersvc-demo/pkg/pb/user.pb.go:162.2,162.11 1 0
go-usersvc-demo/pkg/pb/user.pb.go:173.38,175.29 2 0
go-usersvc-demo/pkg/pb/user.pb.go:175.29,179.3 3 0
go-usersvc-demo/pkg/pb/user.pb.go:182.46,184.2 1 0
go-usersvc-demo/pkg/pb/user.pb.go:186.44,186.45 0 0
go-usersvc-demo/pkg/pb/user.pb.go:188.66,190.41 2 0
go-usersvc-demo/pkg/pb/user.pb.go:190.41,192.34 2 0
go-usersvc-demo/pkg/pb/user.pb.go:192.34,194.4 1 0
go-usersvc-demo/pkg/pb/user.pb.go:195.3,195.12 1 0
go-usersvc-demo/pkg/pb/user.pb.go:197.2,197.24 1 0
go-usersvc-demo/pkg/pb/user.pb.go:201.57,203.2 1 0
go-usersvc-demo/pkg/pb/user.pb.go:205.44,206.14 1 0
go-usersvc-demo/pkg/pb/user.pb.go:206.14,208.3 1 0
go-usersvc-demo/pkg/pb/user.pb.go:209.2,209.10 1 0
go-usersvc-demo/pkg/pb/user.pb.go:221.36,223.29 2 0
go-usersvc-demo/pkg/pb/user.pb.go:223.29,227.3 3 0
go-usersvc-demo/pkg/pb/user.pb.go:230.44,232.2 1 0
go-usersvc-demo/pkg/pb/user.pb.go:234.42,234.43 0 0
go-usersvc-demo/pkg/pb/user.pb.go:236.64,238.41 2 0
go-usersvc-demo/pkg/pb/user.pb.go:238.41,240.34 2 0
go-usersvc-demo/pkg/pb/user.pb.go:240.34,242.4 1 0
go-usersvc-demo/pkg/pb/user.pb.go:243.3,243.12 1 0
go-usersvc-demo/pkg/pb/user.pb.go:245.2,245.24 1 0
go-usersvc-demo/pkg/pb/user.pb.go:249.55,251.2 1 0
go-usersvc-demo/pkg/pb/user.pb.go:253.44,254.14 1 0
go-usersvc-demo/pkg/pb/user.pb.go:254.14,256.3 1 0
go-usersvc-demo/pkg/pb/user.pb.go:257.2,257.10 1 0
go-usersvc-demo/pkg/pb/user.pb.go:260.45,261.14 1 0
go-usersvc-demo/pkg/pb/user.pb.go:261.14,263.3 1 0
go-usersvc-demo/pkg/pb/user.pb.go:264.2,264.10 1 0
go-usersvc-demo/pkg/pb/user.pb.go:278.37,280.29 2 0
go-usersvc-demo/pkg/pb/user.pb.go:280.29,284.3 3 0
go-usersvc-demo/pkg/pb/user.pb.go:287.45,289.2 1 0
go-usersvc-demo/pkg/pb/user.pb.go:291.43,291.44 0 0
go-usersvc-demo/pkg/pb/user.pb.go:293.65,295.41 2 0
go-usersvc-demo/pkg/pb/user.pb.go:295.41,297.34 2 0
go-usersvc-demo/pkg/pb/user.pb.go:297.34,299.4 1 0
go-usersvc-demo/pkg/pb/user.pb.go:300.3,300.12 1 0
go-usersvc-demo/pkg/pb/user.pb.go:302.2,302.24 1 0
go-usersvc-demo/pkg/pb/user.pb.go:306.56,308.2 1 0
go-usersvc-demo/pkg/pb/user.pb.go:310.47,311.14 1 0
go-usersvc-demo/pkg/pb/user.pb.go:311.14,313.3 1 0
go-usersvc-demo/pkg/pb/user.pb.go:314.2,314.12 1 0
go-usersvc-demo/pkg/pb/user.pb.go:317.46,318.14 1 0
go-usersvc-demo/pkg/pb/user.pb.go:318.14,320.3 1 0
go-usersvc-demo/pkg/pb/user.pb.go:321.2,321.10 1 0
go-usersvc-demo/pkg/pb/user.pb.go:324.45,325.14 1 0
go-usersvc-demo/pkg/pb/user.pb.go:325.14,327.3 1 0
go-usersvc-demo/pkg/pb/user.pb.go:328.2,328.10 1 0
go-usersvc-demo/pkg/pb/user.pb.go:331.46,332.14 1 0
go-usersvc-demo/pkg/pb/user.pb.go:332.14,334.3 1 0
go-usersvc-demo/pkg/pb/user.pb.go:335.2,335.10 1 0
go-usersvc-demo/pkg/pb/user.pb.go:349.37,351.29 2 0
go-usersvc-demo/pkg/pb/user.pb.go:351.29,355.3 3 0
go-usersvc-demo/pkg/pb/user.pb.go:358.45,360.2 1 0
go-usersvc-demo/pkg/pb/user.pb.go:362.43,362.44 0 0
go-usersvc-demo/pkg/pb/user.pb.go:364.65,366.41 2 0
go-usersvc-demo/pkg/pb/user.pb.go:366.41,368.34 2 0
go-usersvc-demo/pkg/pb/user.pb.go:368.34,370.4 1 0
go-usersvc-demo/pkg/pb/user.pb.go:371.3,371.12 1 0
go-usersvc-demo/pkg/pb/user.pb.go:373.2,373.24 1 0
go-usersvc-demo/pkg/pb/user.pb.go:377.56,379.2 1 0
go-usersvc-demo/pkg/pb/user.pb.go:381.43,382.14 1 0
go-usersvc-demo/pkg/pb/user.pb.go:382.14,384.3 1 0
go-usersvc-demo/pkg/pb/user.pb.go:385.2,385.10 1 0
go-usersvc-demo/pkg/pb/user.pb.go:388.46,389.14 1 0
go-usersvc-demo/pkg/pb/user.pb.go:389.14,391.3 1 0
go-usersvc-demo/pkg/pb/user.pb.go:392.2,392.11 1 0
go-usersvc-demo/pkg/pb/user.pb.go:395.47,396.14 1 0
go-usersvc-demo/pkg/pb/user.pb.go:396.14,398.3 1 0
go-usersvc-demo/pkg/pb/user.pb.go:399.2,399.11 1 0
go-usersvc-demo/pkg/pb/user.pb.go:402.50,403.14 1 0
go-usersvc-demo/pkg/pb/user.pb.go:403.14,405.3 1 0
go-usersvc-demo/pkg/pb/user.pb.go:406.2,406.11 1 0
go-usersvc-demo/pkg/pb/user.pb.go:417.37,419.29 2 0
go-usersvc-demo/pkg/pb/user.pb.go:419.29,423.3 3 0
go-usersvc-demo/pkg/pb/user.pb.go:426.45,428.2 1 0
go-usersvc-demo/pkg/pb/user.pb.go:430.43,430.44 0 0
go-usersvc-demo/pkg/pb/user.pb.go:432.65,434.41 2 0
go-usersvc-demo/pkg/pb/user.pb.go:434.41,436.34 2 0
go-usersvc-demo/pkg/pb/user.pb.go:436.34,438.4 1 0
go-usersvc-demo/pkg/pb/user.pb.go:439.3,439.12 1 0
go-usersvc-demo/pkg/pb/user.pb.go:441.2,441.24 1 0
go-usersvc-demo/pkg/pb/user.pb.go:445.56,447.2 1 0
go-usersvc-demo/pkg/pb/user.pb.go:449.43,450.14 1 0
go-usersvc-demo/pkg/pb/user.pb.go:450.14,452.3 1 0
go-usersvc-demo/pkg/pb/user.pb.go:453.2,453.10 1 0
go-usersvc-demo/pkg/pb/user.pb.go:465.38,467.29 2 0
go-usersvc-demo/pkg/pb/user.pb.go:467.29,471.3 3 0
go-usersvc-demo/pkg/pb/user.pb.go:474.46,476.2 1 0
go-usersvc-demo/pkg/pb/user.pb.go:478.44,478.45 0 0
go-usersvc-demo/pkg/pb/user.pb.go:480.66,482.41 2 0
go-usersvc-demo/pkg/pb/user.pb.go:482.41,484.34 2 0
go-usersvc-demo/pkg/pb/user.pb.go:484.34,486.4 1 0
go-usersvc-demo/pkg/pb/user.pb.go:487.3,487.12 1 0
go-usersvc-demo/pkg/pb/user.pb.go:489.2,489.24 1 0
go-usersvc-demo/pkg/pb/user.pb.go:493.57,495.2 1 0
go-usersvc-demo/pkg/pb/user.pb.go:497.48,498.14 1 0
go-usersvc-demo/pkg/pb/user.pb.go:498.14,500.3 1 0
go-usersvc-demo/pkg/pb/user.pb.go:501.2,501.14 1 0
go-usersvc-demo/pkg/pb/user.pb.go:504.50,505.14 1 0
go-usersvc-demo/pkg/pb/user.pb.go:505.14,507.3 1 0
go-usersvc-demo/pkg/pb/user.pb.go:508.2,508.11 1 0
go-usersvc-demo/pkg/pb/user.pb.go:523.32,525.29 2 0
go-usersvc-demo/pkg/pb/user.pb.go:525.29,529.3 3 0
go-usersvc-demo/pkg/pb/user.pb.go:532.40,534.2 1 0
go-usersvc-demo/pkg/pb/user.pb.go:536.38,536.39 0 0
go-usersvc-demo/pkg/pb/user.pb.go:538.60,540.41 2 0
go-usersvc-demo/pkg/pb/user.pb.go:540.41,542.34 2 0
go-usersvc-demo/pkg/pb/user.pb.go:542.34,544.4 1 0
go-usersvc-demo/pkg/pb/user.pb.go:545.3,545.12 1 0
go-usersvc-demo/pkg/pb/user.pb.go:547.2,547.24 1 0
go-usersvc-demo/pkg/pb/user.pb.go:551.51,553.2 1 0
go-usersvc-demo/pkg/pb/user.pb.go:555.38,556.14 1 0
go-usersvc-demo/pkg/pb/user.pb.go:556.14,558.3 1 0
go-usersvc-demo/pkg/pb/user.pb.go:559.2,559.10 1 0
go-usersvc-demo/pkg/pb/user.pb.go:562.41,563.14 1 0
go-usersvc-demo/pkg/pb/user.pb.go:563.14,565.3 1 0
go-usersvc-demo/pkg/pb/user.pb.go:566.2,566.11 1 0
go-usersvc-demo/pkg/pb/user.pb.go:569.42,570.14 1 0
go-usersvc-demo/pkg/pb/user.pb.go:570.14,572.3 1 0
go-usersvc-demo/pkg/pb/user.pb.go:573.2,573.11 1 0
go-usersvc-demo/pkg/pb/user.pb.go:576.46,577.14 1 0
go-usersvc-demo/pkg/pb/user.pb.go:577.14,579.3 1 0
go-usersvc-demo/pkg/pb/user.pb.go:580.2,580.11 1 0
go-usersvc-demo/pkg/pb/user.pb.go:583.46,584.14 1 0
go-usersvc-demo/pkg/pb/user.pb.go:584.14,586.3 1 0
go-usersvc-demo/pkg/pb/user.pb.go:587.2,587.11 1 0
go-usersvc-demo/pkg/pb/user.pb.go:673.49,674.46 1 0
go-usersvc-demo/pkg/pb/user.pb.go:674.46,676.3 1 0
go-usersvc-demo/pkg/pb/user.pb.go:677.2,677.42 1 0
go-usersvc-demo/pkg/pb/user.pb.go:711.13,711.45 1 0
go-usersvc-demo/pkg/pb/user.pb.go:712.35,713.34 1 0
go-usersvc-demo/pkg/pb/user.pb.go:713.34,715.3 1 0
go-usersvc-demo/pkg/pb/user.pb.go:716.2,716.30 1 0
go-usersvc-demo/pkg/pb/user.pb.go:716.30,717.87 1 0
go-usersvc-demo/pkg/pb/user.pb.go:717.87,718.29 1 0
go-usersvc-demo/pkg/pb/user.pb.go:719.11,720.20 1 0
go-usersvc-demo/pkg/pb/user.pb.go:721.11,722.24 1 0
go-usersvc-demo/pkg/pb/user.pb.go:723.11,724.28 1 0
go-usersvc-demo/pkg/pb/user.pb.go:725.12,726.15 1 0
go-usersvc-demo/pkg/pb/user.pb.go:729.3,729.87 1 0
go-usersvc-demo/pkg/pb/user.pb.go:729.87,730.42 1 0
go-usersvc-demo/pkg/pb/user.pb.go:731.11,732.20 1 0
go-usersvc-demo/pkg/pb/user.pb.go:733.11,734.24 1 0
go-usersvc-demo/pkg/pb/user.pb.go:735.11,736.28 1 0
go-usersvc-demo/pkg/pb/user.pb.go:737.12,738.15 1 0
go-usersvc-demo/pkg/pb/user.pb.go:741.3,741.87 1 0
go-usersvc-demo/pkg/pb/user.pb.go:741.87,742.43 1 0
go-usersvc-demo/pkg/pb/user.pb.go:743.11,744.20 1 0
go-usersvc-demo/pkg/pb/user.pb.go:745.11,746.24 1 0
go-usersvc-demo/pkg/pb/user.pb.go:747.11,748.28 1 0
go-usersvc-demo/pkg/pb/user.pb.go:749.12,750.15 1 0
go-usersvc-demo/pkg/pb/user.pb.go:753.3,753.87 1 0
go-usersvc-demo/pkg/pb/user.pb.go:753.87,754.41 1 0
go-usersvc-demo/pkg/pb/user.pb.go:755.11,756.20 1 0
go-usersvc-demo/pkg/pb/user.pb.go:757.11,758.24 1 0
go-usersvc-demo/pkg/pb/user.pb.go:759.11,760.28 1 0
go-usersvc-demo/pkg/pb/user.pb.go:761.12,762.15 1 0
go-usersvc-demo/pkg/pb/user.pb.go:765.3,765.87 1 0
go-usersvc-demo/pkg/pb/user.pb.go:765.87,766.42 1 0
go-usersvc-demo/pkg/pb/user.pb.go:767.11,768.20 1 0
go-usersvc-demo/pkg/pb/user.pb.go:769.11,770.24 1 0
go-usersvc-demo/pkg/pb/user.pb.go:771.11,772.28 1 0
go-usersvc-demo/pkg/pb/user.pb.go:773.12,774.15 1 0
go-usersvc-demo/pkg/pb/user.pb.go:777.3,777.87 1 0
go-usersvc-demo/pkg/pb/user.pb.go:777.87,778.42 1 0
go-usersvc-demo/pkg/pb/user.pb.go:779.11,780.20 1 0
go-usersvc-demo/pkg/pb/user.pb.go:781.11,782.24 1 0
go-usersvc-demo/pkg/pb/user.pb.go:783.11,784.28 1 0
go-usersvc-demo/pkg/pb/user.pb.go:785.12,786.15 1 0
go-usersvc-demo/pkg/pb/user.pb.go:789.3,789.87 1 0
go-usersvc-demo/pkg/pb/user.pb.go:789.87,790.42 1 0
go-usersvc-demo/pkg/pb/user.pb.go:791.11,792.20 1 0
go-usersvc-demo/pkg/pb/user.pb.go:793.11,794.24 1 0
go-usersvc-demo/pkg/pb/user.pb.go:795.11,796.28 1 0
go-usersvc-demo/pkg/pb/user.pb.go:797.12,798.15 1 0
go-usersvc-demo/pkg/pb/user.pb.go:801.3,801.87 1 0
go-usersvc-demo/pkg/pb/user.pb.go:801.87,802.43 1 0
go-usersvc-demo/pkg/pb/user.pb.go:803.11,804.20 1 0
go-usersvc-demo/pkg/pb/user.pb.go:805.11,806.24 1 0
go-usersvc-demo/pkg/pb/user.pb.go:807.11,808.28 1 0
go-usersvc-demo/pkg/pb/user.pb.go:809.12,810.15 1 0
go-usersvc-demo/pkg/pb/user.pb.go:813.3,813.87 1 0
go-usersvc-demo/pkg/pb/user.pb.go:813.87,814.37 1 0
go-usersvc-demo/pkg/pb/user.pb.go:815.11,816.20 1 0
go-usersvc-demo/pkg/pb/user.pb.go:817.11,818.24 1 0
go-usersvc-demo/pkg/pb/user.pb.go:819.11,820.28 1 0
go-usersvc-demo/pkg/pb/user.pb.go:821.12,822.15 1 0
go-usersvc-demo/pkg/pb/user.pb.go:826.2,843.37 6 0
go-usersvc-demo/pkg/pb/user_grpc.pb.go:44.74,46.2 1 0
go-usersvc-demo/pkg/pb/user_grpc.pb.go:48.132,51.16 3 0
go-usersvc-demo/pkg/pb/user_grpc.pb.go:51.16,53.3 1 0
go-usersvc-demo/pkg/pb/user_grpc.pb.go:54.2,54.17 1 0
go-usersvc-demo/pkg/pb/user_grpc.pb.go:57.134,60.16 3 0
go-usersvc-demo/pkg/pb/user_grpc.pb.go:60.16,62.3 1 0
go-usersvc-demo/pkg/pb/user_grpc.pb.go:63.2,63.17 1 0
go-usersvc-demo/pkg/pb/user_grpc.pb.go:66.135,69.16 3 0
go-usersvc-demo/pkg/pb/user_grpc.pb.go:69.16,71.3 1 0
go-usersvc-demo/pkg/pb/user_grpc.pb.go:72.2,72.17 1 0
go-usersvc-demo/pkg/pb/user_grpc.pb.go:75.132,78.16 3 0
go-usersvc-demo/pkg/pb/user_grpc.pb.go:78.16,80.3 1 0
go-usersvc-demo/pkg/pb/user_grpc.pb.go:81.2,81.17 1 0
go-usersvc-demo/pkg/pb/user_grpc.pb.go:84.138,87.16 3 0
go-usersvc-demo/pkg/pb/user_grpc.pb.go:87.16,89.3 1 0
go-usersvc-demo/pkg/pb/user_grpc.pb.go:90.2,90.17 1 0
go-usersvc-demo/pkg/pb/user_grpc.pb.go:109.110,111.2 1 0
go-usersvc-demo/pkg/pb/user_grpc.pb.go:112.112,114.2 1 0
go-usersvc-demo/pkg/pb/user_grpc.pb.go:115.113,117.2 1 0
go-usersvc-demo/pkg/pb/user_grpc.pb.go:118.110,120.2 1 0
go-usersvc-demo/pkg/pb/user_grpc.pb.go:121.116,123.2 1 0
go-usersvc-demo/pkg/pb/user_grpc.pb.go:124.82,124.83 0 0
go-usersvc-demo/pkg/pb/user_grpc.pb.go:133.80,135.2 1 0
go-usersvc-demo/pkg/pb/user_grpc.pb.go:137.167,139.32 2 0
go-usersvc-demo/pkg/pb/user_grpc.pb.go:139.32,141.3 1 0
go-usersvc-demo/pkg/pb/user_grpc.pb.go:142.2,142.24 1 0
go-usersvc-demo/pkg/pb/user_grpc.pb.go:142.24,144.3 1 0
go-usersvc-demo/pkg/pb/user_grpc.pb.go:145.2,149.77 2 0
go-usersvc-demo/pkg/pb/user_grpc.pb.go:149.77,151.3 1 0
go-usersvc-demo/pkg/pb/user_grpc.pb.go:152.2,152.44 1 0
go-usersvc-demo/pkg/pb/user_grpc.pb.go:155.168,157.32 2 0
go-usersvc-demo/pkg/pb/user_grpc.pb.go:157.32,159.3 1 0
go-usersvc-demo/pkg/pb/user_grpc.pb.go:160.2,160.24 1 0
go-usersvc-demo/pkg/pb/user_grpc.pb.go:160.24,162.3 1 0
go-usersvc-demo/pkg/pb/user_grpc.pb.go:163.2,167.77 2 0
go-usersvc-demo/pkg/pb/user_grpc.pb.go:167.77,169.3 1 0
go-usersvc-demo/pkg/pb/user_grpc.pb.go:170.2,170.44 1 0
go-usersvc-demo/pkg/pb/user_grpc.pb.go:173.166,175.32 2 0
go-usersvc-demo/pkg/pb/user_grpc.pb.go:175.32,177.3 1 0
go-usersvc-demo/pkg/pb/user_grpc.pb.go:178.2,178.24 1 0
go-usersvc-demo/pkg/pb/user_grpc.pb.go:178.24,180.3 1 0
go-usersvc-demo/pkg/pb/user_grpc.pb.go:181.2,185.77 2 0
go-usersvc-demo/pkg/pb/user_grpc.pb.go:185.77,187.3 1 0
go-usersvc-demo/pkg/pb/user_grpc.pb.go:188.2,188.44 1 0
go-usersvc-demo/pkg/pb/user_grpc.pb.go:191.167,193.32 2 0
go-usersvc-demo/pkg/pb/user_grpc.pb.go:193.32,195.3 1 0
go-usersvc-demo/pkg/pb/user_grpc.pb.go:196.2,196.24 1 0
go-usersvc-demo/pkg/pb/user_grpc.pb.go:196.24,198.3 1 0
go-usersvc-demo/pkg/pb/user_grpc.pb.go:199.2,203.77 2 0
go-usersvc-demo/pkg/pb/user_grpc.pb.go:203.77,205.3 1 0
go-usersvc-demo/pkg/pb/user_grpc.pb.go:206.2,206.44 1 0
go-usersvc-demo/pkg/pb/user_grpc.pb.go:209.167,211.32 2 0
go-usersvc-demo/pkg/pb/user_grpc.pb.go:211.32,213.3 1 0
go-usersvc-demo/pkg/pb/user_grpc.pb.go:214.2,214.24 1 0
go-usersvc-demo/pkg/pb/user_grpc.pb.go:214.24,216.3 1 0
go-usersvc-demo/pkg/pb/user_grpc.pb.go:217.2,221.77 2 0
go-usersvc-demo/pkg/pb/user_grpc.pb.go:221.77,223.3 1 0
go-usersvc-demo/pkg/pb/user_grpc.pb.go:224.2,224.44 1 0
go-usersvc-demo/internal/service/auth_service.go:38.73,44.2 1 1
go-usersvc-demo/internal/service/auth_service.go:46.51,53.45 5 1
go-usersvc-demo/internal/service/auth_service.go:53.45,56.3 2 1
go-usersvc-demo/internal/service/auth_service.go:58.2,58.37 1 1
go-usersvc-demo/internal/service/auth_service.go:58.37,60.3 1 1
go-usersvc-demo/internal/service/auth_service.go:62.2,63.13 2 1
go-usersvc-demo/internal/service/auth_service.go:66.42,70.2 3 1
go-usersvc-demo/internal/service/auth_service.go:72.90,79.2 1 1
go-usersvc-demo/internal/service/auth_service.go:82.63,83.23 1 1
go-usersvc-demo/internal/service/auth_service.go:83.23,85.3 1 1
go-usersvc-demo/internal/service/auth_service.go:86.2,86.25 1 1
go-usersvc-demo/internal/service/auth_service.go:86.25,88.3 1 1
go-usersvc-demo/internal/service/auth_service.go:91.2,95.41 4 1
go-usersvc-demo/internal/service/auth_service.go:95.41,97.3 1 1
go-usersvc-demo/internal/service/auth_service.go:100.2,101.37 2 1
go-usersvc-demo/internal/service/auth_service.go:101.37,102.40 1 1
go-usersvc-demo/internal/service/auth_service.go:102.40,104.4 1 1
go-usersvc-demo/internal/service/auth_service.go:107.2,107.12 1 1
go-usersvc-demo/internal/service/auth_service.go:110.112,112.37 1 1
go-usersvc-demo/internal/service/auth_service.go:112.37,115.3 2 0
go-usersvc-demo/internal/service/auth_service.go:117.2,118.16 2 1
go-usersvc-demo/internal/service/auth_service.go:118.16,119.38 1 1
go-usersvc-demo/internal/service/auth_service.go:119.38,122.4 2 1
go-usersvc-demo/internal/service/auth_service.go:123.3,123.51 1 0
go-usersvc-demo/internal/service/auth_service.go:126.2,126.95 1 1
go-usersvc-demo/internal/service/auth_service.go:126.95,129.3 2 1
go-usersvc-demo/internal/service/auth_service.go:132.2,136.16 4 1
go-usersvc-demo/internal/service/auth_service.go:136.16,138.3 1 0
go-usersvc-demo/internal/service/auth_service.go:140.2,141.16 2 1
go-usersvc-demo/internal/service/auth_service.go:141.16,143.3 1 0
go-usersvc-demo/internal/service/auth_service.go:145.2,145.45 1 1
go-usersvc-demo/internal/service/auth_service.go:148.97,150.16 2 1
go-usersvc-demo/internal/service/auth_service.go:150.16,153.3 2 1
go-usersvc-demo/internal/service/auth_service.go:155.2,158.16 3 1
go-usersvc-demo/internal/service/auth_service.go:158.16,160.3 1 0
go-usersvc-demo/internal/service/auth_service.go:162.2,163.16 2 1
go-usersvc-demo/internal/service/auth_service.go:163.16,165.3 1 0
go-usersvc-demo/internal/service/auth_service.go:167.2,167.42 1 1
go-usersvc-demo/internal/service/auth_service.go:171.112,173.16 2 0
go-usersvc-demo/internal/service/auth_service.go:173.16,176.3 2 0
go-usersvc-demo/internal/service/auth_service.go:179.2,179.98 1 0
go-usersvc-demo/internal/service/auth_service.go:179.98,182.3 2 0
go-usersvc-demo/internal/service/auth_service.go:185.2,185.56 1 0
go-usersvc-demo/internal/service/auth_service.go:185.56,188.3 2 0
go-usersvc-demo/internal/service/auth_service.go:191.2,192.16 2 0
go-usersvc-demo/internal/service/auth_service.go:192.16,194.3 1 0
go-usersvc-demo/internal/service/auth_service.go:197.2,202.16 4 0
go-usersvc-demo/internal/service/auth_service.go:202.16,204.3 1 0
go-usersvc-demo/internal/service/auth_service.go:206.2,207.12 2 0
go-usersvc-demo/internal/service/auth_service.go:211.77,217.2 1 0
go-usersvc-demo/internal/service/email_service.go:14.87,16.2 1 0
go-usersvc-demo/internal/service/email_service.go:18.43,20.2 1 0
go-usersvc-demo/internal/service/email_service.go:26.60,28.2 1 0
go-usersvc-demo/internal/service/email_service.go:30.96,34.2 3 0
go-usersvc-demo/internal/service/email_service.go:36.107,40.2 3 0
go-usersvc-demo/internal/service/email_service.go:42.113,46.2 3 0
go-usersvc-demo/internal/service/user_service.go:22.86,24.2 1 1
go-usersvc-demo/internal/service/user_service.go:26.73,28.2 1 1
go-usersvc-demo/internal/service/user_service.go:30.107,32.21 2 1
go-usersvc-demo/internal/service/user_service.go:32.21,34.3 1 1
go-usersvc-demo/internal/service/user_service.go:35.2,36.16 2 1
go-usersvc-demo/internal/service/user_service.go:36.16,38.3 1 0
go-usersvc-demo/internal/service/user_service.go:40.2,47.16 3 1
go-usersvc-demo/internal/service/user_service.go:47.16,50.3 2 1
go-usersvc-demo/internal/service/user_service.go:52.2,54.27 2 1
go-usersvc-demo/internal/service/user_service.go:54.27,56.3 1 1
go-usersvc-demo/internal/service/user_service.go:58.2,58.21 1 1
go-usersvc-demo/internal/service/user_service.go:61.88,63.16 2 1
go-usersvc-demo/internal/service/user_service.go:63.16,65.3 1 1
go-usersvc-demo/internal/service/user_service.go:66.2,66.32 1 1
go-usersvc-demo/internal/service/user_service.go:66.32,68.3 1 1
go-usersvc-demo/internal/service/user_service.go:70.2,71.16 2 1
go-usersvc-demo/internal/service/user_service.go:71.16,73.3 1 1
go-usersvc-demo/internal/service/user_service.go:75.2,77.18 2 1
go-usersvc-demo/internal/service/user_service.go:80.106,81.22 1 1
go-usersvc-demo/internal/service/user_service.go:81.22,83.3 1 1
go-usersvc-demo/internal/service/user_service.go:84.2,84.23 1 1
go-usersvc-demo/internal/service/user_service.go:84.23,86.3 1 1
go-usersvc-demo/internal/service/user_service.go:87.2,87.33 1 1
go-usersvc-demo/internal/service/user_service.go:90.117,91.27 1 1
go-usersvc-demo/internal/service/user_service.go:91.27,93.17 2 0
go-usersvc-demo/internal/service/user_service.go:93.17,95.4 1 0
go-usersvc-demo/internal/service/user_service.go:96.3,97.22 2 0
go-usersvc-demo/internal/service/user_service.go:100.2,101.16 2 1
go-usersvc-demo/internal/service/user_service.go:101.16,103.3 1 0
go-usersvc-demo/internal/service/user_service.go:105.2,108.21 3 1
go-usersvc-demo/internal/service/user_service.go:111.71,112.47 1 1
go-usersvc-demo/internal/service/user_service.go:112.47,114.3 1 1
go-usersvc-demo/internal/service/user_service.go:115.2,116.12 2 1
go-usersvc-demo/internal/service/user_service.go:119.32,121.2 1 1
go-usersvc-demo/internal/infrastructure/postgres/postgres.go:10.49,12.16 2 0
go-usersvc-demo/internal/infrastructure/postgres/postgres.go:12.16,14.3 1 0
go-usersvc-demo/internal/infrastructure/postgres/postgres.go:16.2,16.56 1 0
go-usersvc-demo/internal/infrastructure/postgres/postgres.go:16.56,18.3 1 0
go-usersvc-demo/internal/infrastructure/postgres/postgres.go:20.2,20.18 1 0
go-usersvc-demo/internal/infrastructure/postgres/user_repo.go:20.46,22.2 1 1
go-usersvc-demo/internal/infrastructure/postgres/user_repo.go:24.89,37.16 5 1
go-usersvc-demo/internal/infrastructure/postgres/user_repo.go:37.16,38.46 1 1
go-usersvc-demo/internal/infrastructure/postgres/user_repo.go:38.46,40.4 1 1
go-usersvc-demo/internal/infrastructure/postgres/user_repo.go:41.3,41.59 1 1
go-usersvc-demo/internal/infrastructure/postgres/user_repo.go:44.2,44.20 1 1
go-usersvc-demo/internal/infrastructure/postgres/user_repo.go:47.81,54.16 4 1
go-usersvc-demo/internal/infrastructure/postgres/user_repo.go:54.16,55.36 1 1
go-usersvc-demo/internal/infrastructure/postgres/user_repo.go:55.36,57.4 1 1
go-usersvc-demo/internal/infrastructure/postgres/user_repo.go:58.3,58.62 1 0
go-usersvc-demo/internal/infrastructure/postgres/user_repo.go:61.2,61.18 1 1
go-usersvc-demo/internal/infrastructure/postgres/user_repo.go:64.88,71.16 4 1
go-usersvc-demo/internal/infrastructure/postgres/user_repo.go:71.16,72.36 1 1
go-usersvc-demo/internal/infrastructure/postgres/user_repo.go:72.36,74.4 1 1
go-usersvc-demo/internal/infrastructure/postgres/user_repo.go:75.3,75.65 1 0
go-usersvc-demo/internal/infrastructure/postgres/user_repo.go:78.2,78.18 1 1
go-usersvc-demo/internal/infrastructure/postgres/user_repo.go:81.98,85.86 3 1
go-usersvc-demo/internal/infrastructure/postgres/user_repo.go:85.86,87.3 1 0
go-usersvc-demo/internal/infrastructure/postgres/user_repo.go:89.2,93.16 2 1
go-usersvc-demo/internal/infrastructure/postgres/user_repo.go:93.16,95.3 1 0
go-usersvc-demo/internal/infrastructure/postgres/user_repo.go:96.2,99.18 3 1
go-usersvc-demo/internal/infrastructure/postgres/user_repo.go:99.18,101.89 2 1
go-usersvc-demo/internal/infrastructure/postgres/user_repo.go:101.89,103.4 1 0
go-usersvc-demo/internal/infrastructure/postgres/user_repo.go:104.3,104.27 1 1
go-usersvc-demo/internal/infrastructure/postgres/user_repo.go:107.2,112.8 1 1
go-usersvc-demo/internal/infrastructure/postgres/user_repo.go:115.110,120.23 4 1
go-usersvc-demo/internal/infrastructure/postgres/user_repo.go:120.23,124.3 3 1
go-usersvc-demo/internal/infrastructure/postgres/user_repo.go:125.2,125.24 1 1
go-usersvc-demo/internal/infrastructure/postgres/user_repo.go:125.24,129.3 3 0
go-usersvc-demo/internal/infrastructure/postgres/user_repo.go:130.2,130.27 1 1
go-usersvc-demo/internal/infrastructure/postgres/user_repo.go:130.27,134.3 3 0
go-usersvc-demo/internal/infrastructure/postgres/user_repo.go:136.2,136.26 1 1
go-usersvc-demo/internal/infrastructure/postgres/user_repo.go:136.26,138.3 1 0
go-usersvc-demo/internal/infrastructure/postgres/user_repo.go:140.2,153.16 8 1
go-usersvc-demo/internal/infrastructure/postgres/user_repo.go:153.16,154.36 1 0
go-usersvc-demo/internal/infrastructure/postgres/user_repo.go:154.36,156.4 1 0
go-usersvc-demo/internal/infrastructure/postgres/user_repo.go:157.3,157.59 1 0
go-usersvc-demo/internal/infrastructure/postgres/user_repo.go:160.2,160.18 1 1
go-usersvc-demo/internal/infrastructure/postgres/user_repo.go:163.64,165.16 2 1
go-usersvc-demo/internal/infrastructure/postgres/user_repo.go:165.16,167.3 1 0
go-usersvc-demo/internal/infrastructure/postgres/user_repo.go:168.2,168.32 1 1
go-usersvc-demo/internal/infrastructure/postgres/user_repo.go:168.32,170.3 1 0
go-usersvc-demo/internal/infrastructure/postgres/user_repo.go:171.2,171.12 1 1
